exports[`test Renders component 1`] = `
<svg
  height={500}
  width={500}>
  <g
    transform="translate(70, 70)">
    <rect
      fill="transparent"
      height={328}
      transform="translate(16, 16)"
      width={328} />
    <g
      transform="translate(180, 180)">
      <g>
        <circle
          fill="#cdcdcd"
          fillOpacity={0.1}
          r={164}
          stroke="#cdcdcd" />
        <circle
          fill="#cdcdcd"
          fillOpacity={0.1}
          r={131.20000000000002}
          stroke="#cdcdcd" />
        <circle
          fill="#cdcdcd"
          fillOpacity={0.1}
          r={98.39999999999999}
          stroke="#cdcdcd" />
        <circle
          fill="#cdcdcd"
          fillOpacity={0.1}
          r={65.60000000000001}
          stroke="#cdcdcd" />
        <circle
          fill="#cdcdcd"
          fillOpacity={0.1}
          r={32.800000000000004}
          stroke="#cdcdcd" />
        <text
          dx="0.4em"
          dy="0.4em"
          fill="black"
          fontFamily="sans-serif"
          fontSize={10}
          textAnchor="left"
          x={0}
          y={-164}>
          10
        </text>
        <text
          dx="0.4em"
          dy="0.4em"
          fill="black"
          fontFamily="sans-serif"
          fontSize={10}
          textAnchor="left"
          x={0}
          y={-131.20000000000002}>
          8
        </text>
        <text
          dx="0.4em"
          dy="0.4em"
          fill="black"
          fontFamily="sans-serif"
          fontSize={10}
          textAnchor="left"
          x={0}
          y={-98.39999999999999}>
          6
        </text>
        <text
          dx="0.4em"
          dy="0.4em"
          fill="black"
          fontFamily="sans-serif"
          fontSize={10}
          textAnchor="left"
          x={0}
          y={-65.60000000000001}>
          4
        </text>
        <text
          dx="0.4em"
          dy="0.4em"
          fill="black"
          fontFamily="sans-serif"
          fontSize={10}
          textAnchor="left"
          x={0}
          y={-32.800000000000004}>
          2
        </text>
      </g>
      <g>
        <line
          stroke="#cdcdcd"
          strokeWidth={2}
          x1={0}
          x2={1.1046314128309126e-14}
          y1={0}
          y2={-180.4} />
        <text
          dy="0.35em"
          fill="black"
          fontFamily="sans-serif"
          fontSize={10}
          textAnchor="middle"
          x={1.2050524503609955e-14}
          y={-196.79999999999998}>
          <tspan
            dy="0"
            x={1.2050524503609955e-14}>
            Resilience
          </tspan>
        </text>
      </g>
      <g>
        <line
          stroke="#cdcdcd"
          strokeWidth={2}
          x1={0}
          x2={156.23098284271273}
          y1={0}
          y2={-90.2} />
        <text
          dy="0.35em"
          fill="black"
          fontFamily="sans-serif"
          fontSize={10}
          textAnchor="middle"
          x={170.4337994647775}
          y={-98.39999999999999}>
          <tspan
            dy="0"
            x={170.4337994647775}>
            Strength
          </tspan>
        </text>
      </g>
      <g>
        <line
          stroke="#cdcdcd"
          strokeWidth={2}
          x1={0}
          x2={156.23098284271273}
          y1={0}
          y2={90.19999999999997} />
        <text
          dy="0.35em"
          fill="black"
          fontFamily="sans-serif"
          fontSize={10}
          textAnchor="middle"
          x={170.43379946477754}
          y={98.39999999999996}>
          <tspan
            dy="0"
            x={170.43379946477754}>
            Adaptability
          </tspan>
        </text>
      </g>
      <g>
        <line
          stroke="#cdcdcd"
          strokeWidth={2}
          x1={0}
          x2={1.1046314128309126e-14}
          y1={0}
          y2={180.4} />
        <text
          dy="0.35em"
          fill="black"
          fontFamily="sans-serif"
          fontSize={10}
          textAnchor="middle"
          x={1.2050524503609955e-14}
          y={196.79999999999998}>
          <tspan
            dy="0"
            x={1.2050524503609955e-14}>
            Creativity
          </tspan>
        </text>
      </g>
      <g>
        <line
          stroke="#cdcdcd"
          strokeWidth={2}
          x1={0}
          x2={-156.2309828427127}
          y1={0}
          y2={90.20000000000006} />
        <text
          dy="0.35em"
          fill="black"
          fontFamily="sans-serif"
          fontSize={10}
          textAnchor="middle"
          x={-170.43379946477748}
          y={98.40000000000006}>
          <tspan
            dy="0"
            x={-170.43379946477748}>
            Open to
          </tspan>
          <tspan
            dy="1.2em"
            x={-170.43379946477748}>
            Change
          </tspan>
        </text>
      </g>
      <g>
        <line
          stroke="#cdcdcd"
          strokeWidth={2}
          x1={0}
          x2={-156.23098284271282}
          y1={0}
          y2={-90.19999999999989} />
        <text
          dy="0.35em"
          fill="black"
          fontFamily="sans-serif"
          fontSize={10}
          textAnchor="middle"
          x={-170.4337994647776}
          y={-98.39999999999988}>
          <tspan
            dy="0"
            x={-170.4337994647776}>
            Confidence
          </tspan>
        </text>
      </g>
      <g>
        <path
          d="M85.21692181350757,-49.1999617543605C101.78687551881131,-28.69996345101096,113.62254442778284,43.73332952770416,99.41972223182245,57.39998982009725C85.21690003586205,71.06665011249034,35.507028933470416,31.43332775862306,-0.000011362254777116107,32.799999999998036C-35.507051657979964,34.16667224137301,-111.25538566605039,72.43335717930152,-113.62251954252874,65.60002326834709C-115.98965341900708,58.76668935739264,-33.13990121154634,13.666667078995895,-14.202814621124881,-8.200003465728619C4.734271969296573,-30.066674010453134,-16.569956072438742,-58.76667361856136,0,-65.60000000000001C16.569956072438742,-72.43332638143866,68.64696810820382,-69.69996005771004,85.21692181350757,-49.1999617543605"
          fill="#1f77b4"
          fillOpacity={0.2}
          stroke="#1f77b4"
          strokeOpacity={0.7} />
        <circle
          cx={4.016841501203319e-15}
          cy={-65.60000000000001}
          fill="#1f77b4"
          opacity={0.7}
          r={3}
          stroke="#1f77b4" />
        <circle
          cx={85.21689973238875}
          cy={-49.199999999999996}
          fill="#1f77b4"
          opacity={0.7}
          r={3}
          stroke="#1f77b4" />
        <circle
          cx={99.41971635445356}
          cy={57.39999999999998}
          fill="#1f77b4"
          opacity={0.7}
          r={3}
          stroke="#1f77b4" />
        <circle
          cx={2.0084207506016593e-15}
          cy={32.800000000000004}
          fill="#1f77b4"
          opacity={0.7}
          r={3}
          stroke="#1f77b4" />
        <circle
          cx={-113.62253297651834}
          cy={65.60000000000005}
          fill="#1f77b4"
          opacity={0.7}
          r={3}
          stroke="#1f77b4" />
        <circle
          cx={-14.202816622064802}
          cy={-8.19999999999999}
          fill="#1f77b4"
          opacity={0.7}
          r={3}
          stroke="#1f77b4" />
      </g>
      <g>
        <path
          d="M113.6225624180101,-65.59994900581403C127.82537987969903,-30.06661712675252,104.1540022938868,27.33333310673405,85.21690477013352,49.19999127436906C66.27980724638024,71.06664944200408,18.93706638478473,71.06666424287646,-0.000022724509554232215,65.59999999999607C-18.93711183380384,60.13333575711569,-28.405633673050442,27.333339150419448,-28.405629885632184,16.40000581708677C-28.405626098213926,5.466672483754094,-4.734271647605364,30.066667636181126,0,0C4.734271647605364,-30.066667636181126,-18.937093736335015,-153.06667516569766,0,-164C18.937093736335015,-174.93332483430234,99.41974495632118,-101.13328088487553,113.6225624180101,-65.59994900581403"
          fill="#ff7f0e"
          fillOpacity={0.2}
          stroke="#ff7f0e"
          strokeOpacity={0.7} />
        <circle
          cx={1.0042103753008296e-14}
          cy={-164}
          fill="#ff7f0e"
          opacity={0.7}
          r={3}
          stroke="#ff7f0e" />
        <circle
          cx={113.62253297651836}
          cy={-65.60000000000001}
          fill="#ff7f0e"
          opacity={0.7}
          r={3}
          stroke="#ff7f0e" />
        <circle
          cx={85.21689973238877}
          cy={49.19999999999998}
          fill="#ff7f0e"
          opacity={0.7}
          r={3}
          stroke="#ff7f0e" />
        <circle
          cx={4.016841501203319e-15}
          cy={65.60000000000001}
          fill="#ff7f0e"
          opacity={0.7}
          r={3}
          stroke="#ff7f0e" />
        <circle
          cx={-28.405633244129586}
          cy={16.400000000000013}
          fill="#ff7f0e"
          opacity={0.7}
          r={3}
          stroke="#ff7f0e" />
        <circle
          cx={-0}
          cy={-0}
          fill="#ff7f0e"
          opacity={0.7}
          r={3}
          stroke="#ff7f0e" />
      </g>
    </g>
  </g>
</svg>
`;
